<img src="cache/images/-2082672713_pipeline_by_lead_source_en_us_693535944.png" border="0" usemap="#cache/images/-2082672713_pipeline_by_lead_source_en_us_693535944.png">
<map name="cache/images/-2082672713_pipeline_by_lead_source_en_us_693535944.png">
	<area shape="polygon" coords="174,118,247,118,237,154,219,175" href="index.php?module=Potentials&action=ListView&leadsource=--None--&query=true&type=dbrd&viewname=10" alt="1 opportunities where lead source is None	" title="1 opportunities where lead source is None	">
	<area shape="polygon" coords="174,118,219,175,210,181" href="index.php?module=Potentials&action=ListView&leadsource=Self+Generated&query=true&type=dbrd&viewname=10" alt="1 opportunities where lead source is Self Generated	" title="1 opportunities where lead source is Self Generated	">
	<area shape="polygon" coords="174,118,210,181,174,191,168,190" href="index.php?module=Potentials&action=ListView&leadsource=Partner&query=true&type=dbrd&viewname=10" alt="1 opportunities where lead source is Partner	" title="1 opportunities where lead source is Partner	">
	<area shape="polygon" coords="174,118,168,190,147,185" href="index.php?module=Potentials&action=ListView&leadsource=Public+Relations&query=true&type=dbrd&viewname=10" alt="1 opportunities where lead source is Public Relations	" title="1 opportunities where lead source is Public Relations	">
	<area shape="polygon" coords="174,118,147,185,117,163,104,137" href="index.php?module=Potentials&action=ListView&leadsource=Conference&query=true&type=dbrd&viewname=10" alt="1 opportunities where lead source is Conference	" title="1 opportunities where lead source is Conference	">
	<area shape="polygon" coords="174,118,104,137,101,114" href="index.php?module=Potentials&action=ListView&leadsource=Trade+Show&query=true&type=dbrd&viewname=10" alt="1 opportunities where lead source is Trade Show	" title="1 opportunities where lead source is Trade Show	">
	<area shape="polygon" coords="174,118,101,114,113,78,141,53,154,48" href="index.php?module=Potentials&action=ListView&leadsource=Web+Site&query=true&type=dbrd&viewname=10" alt="2 opportunities where lead source is Web Site	" title="2 opportunities where lead source is Web Site	">
	<area shape="polygon" coords="174,118,154,48,192,48,224,66,244,98,247,118" href="index.php?module=Potentials&action=ListView&leadsource=Other&query=true&type=dbrd&viewname=10" alt="2 opportunities where lead source is Other	" title="2 opportunities where lead source is Other	">
</map>