<img src="cache/images/-2082672713_pipeline_en_us_-4937135902001-01-012100-01-01.png" border="0" usemap="#cache/images/-2082672713_pipeline_en_us_-4937135902001-01-012100-01-01.png">
<map name="cache/images/-2082672713_pipeline_en_us_-4937135902001-01-012100-01-01.png">
	<area shape="rect" coords="127,30,191,32" href="index.php?module=Potentials&action=ListView&sales_stage=Prospecting&closingdate_start=2001-01-01&closingdate_end=2100-01-01&query=true&type=dbrd&owner= Administrator&viewname=10" alt=" Administrator - 2 opportunities where sales stage is Prospecting" title=" Administrator - 2 opportunities where sales stage is Prospecting">
	<area shape="rect" coords="127,48,320,50" href="index.php?module=Potentials&action=ListView&sales_stage=Qualification&closingdate_start=2001-01-01&closingdate_end=2100-01-01&query=true&type=dbrd&owner= Administrator&viewname=10" alt=" Administrator - 3 opportunities where sales stage is Qualifications" title=" Administrator - 3 opportunities where sales stage is Qualifications">
	<area shape="rect" coords="127,84,221,87" href="index.php?module=Potentials&action=ListView&sales_stage=Value+Proposition&closingdate_start=2001-01-01&closingdate_end=2100-01-01&query=true&type=dbrd&owner= Administrator&viewname=10" alt=" Administrator - 3 opportunities where sales stage is Value Propositions" title=" Administrator - 3 opportunities where sales stage is Value Propositions">
	<area shape="rect" coords="127,102,191,105" href="index.php?module=Potentials&action=ListView&sales_stage=Id.+Decision+Makers&closingdate_start=2001-01-01&closingdate_end=2100-01-01&query=true&type=dbrd&owner= Administrator&viewname=10" alt=" Administrator - 1 opportunities where sales stage is Id. Decision Makers" title=" Administrator - 1 opportunities where sales stage is Id. Decision Makers">
	<area shape="rect" coords="127,174,148,177" href="index.php?module=Potentials&action=ListView&sales_stage=Closed+Won&closingdate_start=2001-01-01&closingdate_end=2100-01-01&query=true&type=dbrd&owner= Administrator&viewname=10" alt=" Administrator - 1 opportunities where sales stage is Closed Won" title=" Administrator - 1 opportunities where sales stage is Closed Won">
</map>