<img src="cache/images/-2082672713_outcome_by_month_en_us_957285009.png" border="0" usemap="#cache/images/-2082672713_outcome_by_month_en_us_957285009.png">
<map name="cache/images/-2082672713_outcome_by_month_en_us_957285009.png">
	<area shape="rect" coords="37,162,56,212" href="index.php?module=Potentials&action=ListView&date_closed=2006-01&sales_stage=Other&query=true&type=dbrd&owner= Administrator&viewname=10" alt=" Administrator - 1 opportunities where outcome is Other" title=" Administrator - 1 opportunities where outcome is Other">
	<area shape="rect" coords="91,189,110,212" href="index.php?module=Potentials&action=ListView&date_closed=2006-03&sales_stage=Other&query=true&type=dbrd&owner= Administrator&viewname=10" alt=" Administrator - 2 opportunities where outcome is Other" title=" Administrator - 2 opportunities where outcome is Other">
	<area shape="rect" coords="145,195,164,212" href="index.php?module=Potentials&action=ListView&date_closed=2006-05&sales_stage=Other&query=true&type=dbrd&owner= Administrator&viewname=10" alt=" Administrator - 1 opportunities where outcome is Other" title=" Administrator - 1 opportunities where outcome is Other">
	<area shape="rect" coords="199,29,218,212" href="index.php?module=Potentials&action=ListView&date_closed=2006-06&sales_stage=Other&query=true&type=dbrd&owner= Administrator&viewname=10" alt=" Administrator - 4 opportunities where outcome is Other" title=" Administrator - 4 opportunities where outcome is Other">
	<area shape="rect" coords="253,162,272,212" href="index.php?module=Potentials&action=ListView&date_closed=2006-08&sales_stage=Other&query=true&type=dbrd&owner= Administrator&viewname=10" alt=" Administrator - 1 opportunities where outcome is Other" title=" Administrator - 1 opportunities where outcome is Other">
	<area shape="rect" coords="253,145,272,162" href="index.php?module=Potentials&action=ListView&date_closed=2006-08&sales_stage=Closed+Won&query=true&type=dbrd&owner= Administrator&viewname=10" alt=" Administrator - 1 opportunities where outcome is Closed Won" title=" Administrator - 1 opportunities where outcome is Closed Won">
</map>