<img src="cache/images/-2082672713_lead_source_by_outcome_en_us_693535944.png" border="0" usemap="#cache/images/-2082672713_lead_source_by_outcome_en_us_693535944.png">
<map name="cache/images/-2082672713_lead_source_by_outcome_en_us_693535944.png">
	<area shape="rect" coords="109,29,214,29" href="index.php?module=Potentials&action=ListView&leadsource=--None--&sales_stage=Other&query=true&type=dbrd&owner= Administrator&viewname=10" alt=" Administrator - 1 opportunities where outcome is Other" title=" Administrator - 1 opportunities where outcome is Other">
	<area shape="rect" coords="109,70,123,71" href="index.php?module=Potentials&action=ListView&leadsource=Self+Generated&sales_stage=Other&query=true&type=dbrd&owner= Administrator&viewname=10" alt=" Administrator - 1 opportunities where outcome is Other" title=" Administrator - 1 opportunities where outcome is Other">
	<area shape="rect" coords="109,98,179,99" href="index.php?module=Potentials&action=ListView&leadsource=Partner&sales_stage=Other&query=true&type=dbrd&owner= Administrator&viewname=10" alt=" Administrator - 1 opportunities where outcome is Other" title=" Administrator - 1 opportunities where outcome is Other">
	<area shape="rect" coords="109,112,144,113" href="index.php?module=Potentials&action=ListView&leadsource=Public+Relations&sales_stage=Other&query=true&type=dbrd&owner= Administrator&viewname=10" alt=" Administrator - 1 opportunities where outcome is Other" title=" Administrator - 1 opportunities where outcome is Other">
	<area shape="rect" coords="109,140,214,141" href="index.php?module=Potentials&action=ListView&leadsource=Conference&sales_stage=Other&query=true&type=dbrd&owner= Administrator&viewname=10" alt=" Administrator - 1 opportunities where outcome is Other" title=" Administrator - 1 opportunities where outcome is Other">
	<area shape="rect" coords="109,168,249,168" href="index.php?module=Potentials&action=ListView&leadsource=Web+Site&sales_stage=Other&query=true&type=dbrd&owner= Administrator&viewname=10" alt=" Administrator - 2 opportunities where outcome is Other" title=" Administrator - 2 opportunities where outcome is Other">
	<area shape="rect" coords="109,195,319,196" href="index.php?module=Potentials&action=ListView&leadsource=Other&sales_stage=Other&query=true&type=dbrd&owner= Administrator&viewname=10" alt=" Administrator - 2 opportunities where outcome is Other" title=" Administrator - 2 opportunities where outcome is Other">
	<area shape="rect" coords="109,154,144,155" href="index.php?module=Potentials&action=ListView&leadsource=Trade+Show&sales_stage=Closed+Won&query=true&type=dbrd&owner= Administrator&viewname=10" alt=" Administrator - 1 opportunities where outcome is Closed Won" title=" Administrator - 1 opportunities where outcome is Closed Won">
</map>