<img src="cache/images/vert_" border="0" usemap="#cache/images/vert_">
<map name="cache/images/vert_">
	<area shape="rect" coords="43,47,59,117" href="index.php?module=Accounts&action=ListView&from_homepagedb=true&type=dbrd&query=true&owner= Administrator&viewname=4" alt="Organizations=%d" title="Organizations=%d">
	<area shape="rect" coords="91,54,107,117" href="index.php?module=Potentials&action=ListView&from_homepagedb=true&type=dbrd&query=true&owner= Administrator&viewname=10" alt="Opportunities=%d" title="Opportunities=%d">
	<area shape="rect" coords="138,40,154,117" href="index.php?module=Contacts&action=ListView&from_homepagedb=true&type=dbrd&query=true&owner= Administrator&viewname=7" alt="Contacts=%d" title="Contacts=%d">
	<area shape="rect" coords="186,47,201,117" href="index.php?module=Leads&action=ListView&from_homepagedb=true&type=dbrd&query=true&owner= Administrator&viewname=1" alt="Leads=%d" title="Leads=%d">
	<area shape="rect" coords="233,82,249,117" href="index.php?module=Quotes&action=ListView&from_homepagedb=true&type=dbrd&query=true&owner= Administrator&viewname=16" alt="Quotes=%d" title="Quotes=%d">
	<area shape="rect" coords="281,82,296,117" href="index.php?module=SalesOrder&action=ListView&from_homepagedb=true&type=dbrd&query=true&owner= Administrator&viewname=26" alt="Sales Order=%d" title="Sales Order=%d">
	<area shape="rect" coords="328,82,344,117" href="index.php?module=PurchaseOrder&action=ListView&from_homepagedb=true&type=dbrd&query=true&owner= Administrator&viewname=25" alt="Purchase Order=%d" title="Purchase Order=%d">
	<area shape="rect" coords="376,82,391,117" href="index.php?module=Invoice&action=ListView&from_homepagedb=true&type=dbrd&query=true&owner= Administrator&viewname=21" alt="Invoice=%d" title="Invoice=%d">
	<area shape="rect" coords="423,82,439,117" href="index.php?module=HelpDesk&action=ListView&from_homepagedb=true&type=dbrd&query=true&owner= Administrator&viewname=13" alt="Trouble Tickets=%d" title="Trouble Tickets=%d">
	<area shape="rect" coords="470,75,486,117" href="index.php?module=Calendar&action=ListView&from_homepagedb=true&type=dbrd&query=true&owner= Administrator&viewname=19" alt="Calendar=%d" title="Calendar=%d">
	<area shape="rect" coords="518,96,534,117" href="index.php?module=Campaigns&action=ListView&from_homepagedb=true&type=dbrd&query=true&owner= Administrator&viewname=29" alt="Campaigns=%d" title="Campaigns=%d">
</map>